src/components/admin/AdminAttendanceMode.tsx(30,5): error TS6133: 'recentScans' is declared but its value is never read.
src/components/admin/AdminAttendanceMode.tsx(31,5): error TS6133: 'handleScan' is declared but its value is never read.
src/components/admin/AdminMainDashboard.tsx(4,52): error TS6133: 'ArrowLeft' is declared but its value is never read.
src/components/admin/AdminMainDashboard.tsx(4,63): error TS6133: 'ArrowRight' is declared but its value is never read.
src/components/admin/AdminMainDashboard.tsx(148,5): error TS6133: 'isScannerOpen' is declared but its value is never read.
src/components/admin/AdminMainDashboard.tsx(152,5): error TS6133: 'handleScan' is declared but its value is never read.
src/components/ErrorBoundary.tsx(1,8): error TS6133: 'React' is declared but its value is never read.
src/components/ErrorBoundary.tsx(1,28): error TS1484: 'ErrorInfo' is a type and must be imported using a type-only import when 'verbatimModuleSyntax' is enabled.
src/components/ErrorBoundary.tsx(1,39): error TS1484: 'ReactNode' is a type and must be imported using a type-only import when 'verbatimModuleSyntax' is enabled.
src/components/QRScannerDialog.tsx(12,10): error TS6133: 'Camera' is declared but its value is never read.
src/components/QRScannerDialog.tsx(79,26): error TS6133: 'errorMessage' is declared but its value is never read.
src/components/ui/calendar.tsx(45,20): error TS6133: '_props' is declared but its value is never read.
src/components/ui/calendar.tsx(46,21): error TS6133: '_props' is declared but its value is never read.
src/components/ui/form.tsx(4,22): error TS1484: 'ControllerProps' is a type and must be imported using a type-only import when 'verbatimModuleSyntax' is enabled.
src/components/ui/form.tsx(4,39): error TS1484: 'FieldPath' is a type and must be imported using a type-only import when 'verbatimModuleSyntax' is enabled.
src/components/ui/form.tsx(4,50): error TS1484: 'FieldValues' is a type and must be imported using a type-only import when 'verbatimModuleSyntax' is enabled.
src/components/ui/sidebar.tsx(3,10): error TS1484: 'VariantProps' is a type and must be imported using a type-only import when 'verbatimModuleSyntax' is enabled.
src/lib/emailService.ts(8,11): error TS6196: 'EmailParams' is declared but never used.
src/lib/registrationService.ts(12,5): error TS6133: 'Timestamp' is declared but its value is never read.
src/lib/registrationService.ts(127,68): error TS6133: 'memberIndex' is declared but its value is never read.
src/lib/registrationService.ts(127,89): error TS6133: 'eventName' is declared but its value is never read.
src/lib/registrationService.ts(127,108): error TS6133: 'attended' is declared but its value is never read.
src/lib/registrationService.ts(129,15): error TS6133: 'docRef' is declared but its value is never read.
src/pages/AdminDashboard.tsx(36,12): error TS6133: 'isLoading' is declared but its value is never read.
